// Jest Snapshot v1, https://goo.gl/fbAQLP

exports[`CreateGroupsComponent debe de hace match con el snapshot 1`] = `"<html lang=\\"en\\" dir=\\"ltr\\"><head><meta charset=\\"UTF-8\\"><meta name=\\"viewport\\" content=\\"width=device-width, initial-scale=1.0\\"></head><app-navbar></app-navbar><body><div class=\\"container\\"><div class=\\"title\\">Crear un grupo</div><div class=\\"content\\"><form><div class=\\"group-details\\"><div class=\\"input-box\\"><span class=\\"details\\">Nombre del grupo <span style=\\"color: rgb(245, 59, 59);\\">*</span></span><input type=\\"text\\" minlength=\\"5\\" maxlength=\\"30\\" placeholder=\\"Ingrese un nombre de grupo...\\" required=\\"\\"></div><div class=\\"input-box\\"><span class=\\"details\\">Torneo<span style=\\"color: rgb(245, 59, 59);\\">*</span></span><mbsc-select placeholder=\\"Seleccione el torneo\\"></mbsc-select></div></div><div class=\\"button\\"><input type=\\"submit\\" value=\\"Crear Grupo\\"></div></form></div></div></body></html>"`;
